cdk/drag-drop/all-directives: 154096
cdk/drag-drop/basic: 151353
material-experimental/mdc-chips/basic: 147607
material-experimental/mdc-form-field/advanced: 251959
material-experimental/mdc-form-field/basic: 251127
material/autocomplete/without-optgroup: 210028
material/button-toggle/standalone: 119486
material/chips/basic: 162776
material/datepicker/range-picker/without-form-field: 332500
material/expansion/without-accordion: 130701
material/form-field/advanced: 186274
material/form-field/basic: 185048
material/list/nav-list: 130611
material/menu/without-lazy-content: 212600
material/radio/without-group: 121590
material/select/basic: 258518
material/tabs/advanced: 183621
material/tabs/basic: 182818
